<div>
</div>
<div>
</div>
<div class="a">
</div>
<div class="a">
</div>
