<div>
    Some text.
</div>
<div>
    <div class="a">
        Some text.
    </div>
</div>
