Some text.
<p>
</p>
<p>
</p>
<p>
    Some text.
</p>
<p>
    Some text.
    Some other text.
</p>
<p>
    Some text.
    <a>
        Some link.
    </a>
    Some other text.
</p>
